Solution 1
<k> false </k>
 AND V0 ==K false
Solution 2
<k> true </k>
 AND V0 ==K true
