Solution 1
<k> "default" </k>
Solution 2
<k> "f" </k>
Solution 3
<k> "t" </k>
